20:33:19 cycle 15 REL rc=0 REL status=BOOT_DONE first_plausible=t+55.0:000000aa(counting since ~t+52.2) finder_flag=t+95.0 stalls=none finder_shot=t+90 tm=moving menu=menu RESULT=OK
20:36:03 cycle 16 F33 rc=0 F33 status=BOOT_DONE first_plausible=t+55.0:000000a9(counting since ~t+52.2) finder_flag=t+95.0 stalls=none finder_shot=t+90 tm=moving menu=menu RESULT=OK
20:38:48 cycle 17 REL rc=0 REL status=BOOT_DONE first_plausible=t+55.0:000000ab(counting since ~t+52.2) finder_flag=t+95.0 stalls=none finder_shot=t+90 tm=moving menu=menu RESULT=OK
20:41:32 cycle 18 F33 rc=0 F33 status=BOOT_DONE first_plausible=t+55.0:000000a5(counting since ~t+52.3) finder_flag=t+95.0 stalls=none finder_shot=t+90 tm=moving menu=menu RESULT=OK
20:44:15 cycle 19 REL rc=0 REL status=BOOT_DONE first_plausible=t+55.0:000000a9(counting since ~t+52.2) finder_flag=t+95.0 stalls=none finder_shot=t+90 tm=moving menu=menu RESULT=OK
20:46:59 cycle 20 F33 rc=0 F33 status=BOOT_DONE first_plausible=t+55.0:000000aa(counting since ~t+52.2) finder_flag=t+95.0 stalls=none finder_shot=t+90 tm=moving menu=menu RESULT=OK
20:49:43 cycle 21 REL rc=0 REL status=BOOT_DONE first_plausible=t+55.0:000000a9(counting since ~t+52.2) finder_flag=t+95.0 stalls=none finder_shot=t+90 tm=moving menu=menu RESULT=OK
20:52:28 cycle 22 F33 rc=0 F33 status=BOOT_DONE first_plausible=t+55.0:000000a6(counting since ~t+52.2) finder_flag=t+95.0 stalls=none finder_shot=t+90 tm=moving menu=menu RESULT=OK
20:55:18 cycle 23 REL rc=0 REL status=BOOT_DONE first_plausible=t+55.0:000000a9(counting since ~t+52.2) finder_flag=t+100.0 stalls=none finder_shot=t+91 tm=moving menu=menu RESULT=OK
21:05:02 cycle 24 F33 rc=0 F33 status=BOOT_DONE first_plausible=t+55.0:000000a5(counting since ~t+52.3) finder_flag=t+515.0 stalls=v=00000278 first_t=65.0 before_t=60.0 detect_t=85.0 end_t=485.0 after_v=000003a5 finder=0 finder
21:08:54 cycle 25 REL rc=0 REL status=BOOT_DONE first_plausible=t+55.0:000000a9(counting since ~t+52.2) finder_flag=t+160.0 stalls=v=00000279 first_t=65.0 before_t=60.0 detect_t=85.0 end_t=130.0 after_v=00000387 finder=0 finder
21:11:39 cycle 26 F33 rc=0 F33 status=BOOT_DONE first_plausible=t+55.0:000000a8(counting since ~t+52.2) finder_flag=t+95.0 stalls=none finder_shot=t+90 tm=moving menu=menu RESULT=OK
21:14:24 cycle 27 REL rc=0 REL status=BOOT_DONE first_plausible=t+55.0:000000a9(counting since ~t+52.2) finder_flag=t+95.0 stalls=none finder_shot=t+90 tm=moving menu=menu RESULT=OK
21:18:10 cycle 28 F33 rc=0 F33 status=BOOT_DONE first_plausible=t+55.0:000000a9(counting since ~t+52.2) finder_flag=t+155.0 stalls=v=00000278 first_t=65.0 before_t=60.0 detect_t=85.0 end_t=135.0 after_v=00000376 finder=0 finder
21:21:01 cycle 29 REL rc=0 REL status=BOOT_DONE first_plausible=t+55.0:000000a7(counting since ~t+52.2) finder_flag=t+100.0 stalls=none finder_shot=t+91 tm=moving menu=menu RESULT=OK
21:23:54 cycle 30 F33 rc=0 F33 status=BOOT_DONE first_plausible=t+55.0:000000a9(counting since ~t+52.2) finder_flag=t+100.0 stalls=none finder_shot=t+90 tm=moving menu=menu RESULT=OK
21:27:45 cycle 31 REL rc=0 REL status=BOOT_DONE first_plausible=t+55.0:000000ab(counting since ~t+52.2) finder_flag=t+160.0 stalls=v=0000027b first_t=65.0 before_t=60.0 detect_t=85.0 end_t=130.0 after_v=00000388 finder=0 finder
21:30:36 cycle 32 F33 rc=0 F33 status=BOOT_DONE first_plausible=t+55.0:000000a8(counting since ~t+52.2) finder_flag=t+100.0 stalls=none finder_shot=t+91 tm=moving menu=menu RESULT=OK
21:33:25 cycle 33 REL rc=0 REL status=BOOT_DONE first_plausible=t+55.0:000000a8(counting since ~t+52.2) finder_flag=t+100.0 stalls=none finder_shot=t+91 tm=moving menu=menu RESULT=OK
21:36:12 cycle 34 F33 rc=0 F33 status=BOOT_DONE first_plausible=t+55.0:000000aa(counting since ~t+52.2) finder_flag=t+95.0 stalls=none finder_shot=t+90 tm=moving menu=menu RESULT=OK
21:38:58 cycle 35 REL rc=0 REL status=BOOT_DONE first_plausible=t+55.0:000000a9(counting since ~t+52.2) finder_flag=t+95.0 stalls=none finder_shot=t+90 tm=moving menu=menu RESULT=OK
21:41:44 cycle 36 F33 rc=0 F33 status=BOOT_DONE first_plausible=t+55.0:000000a8(counting since ~t+52.2) finder_flag=t+95.0 stalls=none finder_shot=t+90 tm=moving menu=menu RESULT=OK
21:44:36 cycle 37 REL rc=0 REL status=BOOT_DONE first_plausible=t+55.0:000000a9(counting since ~t+52.2) finder_flag=t+100.0 stalls=none finder_shot=t+91 tm=moving menu=menu RESULT=OK
21:47:21 cycle 38 F33 rc=0 F33 status=BOOT_DONE first_plausible=t+55.0:000000a6(counting since ~t+52.2) finder_flag=t+95.0 stalls=none finder_shot=t+90 tm=moving menu=menu RESULT=OK
21:50:12 cycle 39 REL rc=0 REL status=BOOT_DONE first_plausible=t+55.0:000000aa(counting since ~t+52.2) finder_flag=t+100.0 stalls=none finder_shot=t+90 tm=moving menu=menu RESULT=OK
21:53:01 cycle 40 F33 rc=0 F33 status=BOOT_DONE first_plausible=t+55.0:000000aa(counting since ~t+52.2) finder_flag=t+100.0 stalls=none finder_shot=t+90 tm=moving menu=menu RESULT=OK
21:55:51 cycle 41 REL rc=0 REL status=BOOT_DONE first_plausible=t+55.0:000000a8(counting since ~t+52.2) finder_flag=t+100.0 stalls=none finder_shot=t+91 tm=moving menu=menu RESULT=OK
21:58:36 cycle 42 F33 rc=0 F33 status=BOOT_DONE first_plausible=t+55.0:000000ab(counting since ~t+52.2) finder_flag=t+95.0 stalls=none finder_shot=t+90 tm=moving menu=menu RESULT=OK
22:01:22 cycle 43 REL rc=0 REL status=BOOT_DONE first_plausible=t+55.0:000000a9(counting since ~t+52.2) finder_flag=t+95.0 stalls=none finder_shot=t+90 tm=moving menu=menu RESULT=OK
22:04:07 cycle 44 F33 rc=0 F33 status=BOOT_DONE first_plausible=t+55.0:000000aa(counting since ~t+52.2) finder_flag=t+95.0 stalls=none finder_shot=t+90 tm=moving menu=menu RESULT=OK
22:06:52 cycle 45 REL rc=0 REL status=BOOT_DONE first_plausible=t+55.0:000000aa(counting since ~t+52.2) finder_flag=t+95.0 stalls=none finder_shot=t+90 tm=moving menu=menu RESULT=OK
22:09:37 cycle 46 F33 rc=0 F33 status=BOOT_DONE first_plausible=t+55.0:000000a9(counting since ~t+52.2) finder_flag=t+95.0 stalls=none finder_shot=t+90 tm=moving menu=menu RESULT=OK
22:12:22 cycle 47 REL rc=0 REL status=BOOT_DONE first_plausible=t+55.0:000000a8(counting since ~t+52.2) finder_flag=t+95.0 stalls=none finder_shot=t+90 tm=moving menu=menu RESULT=OK
22:15:08 cycle 48 F33 rc=0 F33 status=BOOT_DONE first_plausible=t+55.0:000000aa(counting since ~t+52.2) finder_flag=t+95.0 stalls=none finder_shot=t+90 tm=moving menu=menu RESULT=OK
22:17:54 cycle 49 REL rc=0 REL status=BOOT_DONE first_plausible=t+55.0:000000aa(counting since ~t+52.2) finder_flag=t+95.0 stalls=none finder_shot=t+90 tm=moving menu=menu RESULT=OK
22:20:40 cycle 50 F33 rc=0 F33 status=BOOT_DONE first_plausible=t+55.0:000000a7(counting since ~t+52.2) finder_flag=t+95.0 stalls=none finder_shot=t+90 tm=moving menu=menu RESULT=OK
22:23:27 cycle 51 REL rc=0 REL status=BOOT_DONE first_plausible=t+55.0:000000a9(counting since ~t+52.2) finder_flag=t+95.0 stalls=none finder_shot=t+90 tm=moving menu=menu RESULT=OK
22:26:13 cycle 52 F33 rc=0 F33 status=BOOT_DONE first_plausible=t+55.0:000000aa(counting since ~t+52.2) finder_flag=t+95.0 stalls=none finder_shot=t+90 tm=moving menu=menu RESULT=OK
22:28:59 cycle 53 REL rc=0 REL status=BOOT_DONE first_plausible=t+55.0:000000aa(counting since ~t+52.2) finder_flag=t+95.0 stalls=none finder_shot=t+90 tm=moving menu=menu RESULT=OK
22:31:46 cycle 54 F33 rc=0 F33 status=BOOT_DONE first_plausible=t+55.0:000000a9(counting since ~t+52.2) finder_flag=t+95.0 stalls=none finder_shot=t+90 tm=moving menu=menu RESULT=OK
22:31:46 loop 15..54 complete
