02:50:15 BAD24 load 1:
    buf0 header slot: 00000000000000000000000000000000  invalid  header beat at 0xF0080 -> k = 8 beats (128 bytes) early
    buf1 header slot: 00000000000000000000000000000000  invalid  header beat at 0xF0080 -> k = 8 beats (128 bytes) early
    buf2 header slot: 00000000000000000000000000000000  invalid  header beat at 0xF0080 -> k = 8 beats (128 bytes) early
02:51:01 BAD24 load 2:
    buf0 header slot: 00000000000000000000000000000000  invalid  header beat at 0xF00C0 -> k = 4 beats (64 bytes) early
    buf1 header slot: 00000000000000000000000000000000  invalid  header beat at 0xF00C0 -> k = 4 beats (64 bytes) early
    buf2 header slot: 00000000000000000000000000000000  invalid  header beat at 0xF00C0 -> k = 4 beats (64 bytes) early
02:51:47 BAD24 load 3:
    buf0 header slot: 00000000000000000000000000000000  invalid  header beat at 0xF0020 -> k = 14 beats (224 bytes) early
    buf1 header slot: 00000000000000000000000000000000  invalid  header beat at 0xF0020 -> k = 14 beats (224 bytes) early
    buf2 header slot: 00000000000000000000000000000000  invalid  header beat at 0xF0020 -> k = 14 beats (224 bytes) early
02:52:33 BAD24 load 4:
    buf0 header slot: 00000000000000000000000000000000  invalid  header beat at 0xF0060 -> k = 10 beats (160 bytes) early
    buf1 header slot: 00000000000000000000000000000000  invalid  header beat at 0xF0060 -> k = 10 beats (160 bytes) early
    buf2 header slot: 00000000000000000000000000000000  invalid  header beat at 0xF0060 -> k = 10 beats (160 bytes) early
02:53:19 BAD24 load 5:
    buf0 header slot: 00000000000000000000000000000000  invalid  header beat at 0xF00B0 -> k = 5 beats (80 bytes) early
    buf1 header slot: 00000000000000000000000000000000  invalid  header beat at 0xF00B0 -> k = 5 beats (80 bytes) early
    buf2 header slot: 00000000000000000000000000000000  invalid  header beat at 0xF00B0 -> k = 5 beats (80 bytes) early
02:54:05 BAD24 load 6:
    buf0 header slot: 00000000000000000000000000000000  invalid  header beat at 0xF00F0 -> k = 1 beats (16 bytes) early
    buf1 header slot: 00000000000000000000000000000000  invalid  header beat at 0xF00F0 -> k = 1 beats (16 bytes) early
    buf2 header slot: 00000000000000000000000000000000  invalid  header beat at 0xF00F0 -> k = 1 beats (16 bytes) early
02:54:41 BAD24 done; box at MENU
