01:45:33 C38 load 1: valid 0/5 (menu before: core=MENU type=01 fmt=01 attr=0030 w=529 h=240) last: markers left 0/6  hdr type=00 fmt=00 attr=0000 w=0 h=0
01:46:23 C38 load 2: valid 5/5 (menu before: core=MENU type=01 fmt=01 attr=00f0 w=529 h=240) last: markers left 0/6  hdr type=01 fmt=01 attr=00f0 w=640 h=480
01:47:13 C38 load 3: valid 5/5 (menu before: core=MENU type=01 fmt=01 attr=0090 w=529 h=240) last: markers left 0/6  hdr type=01 fmt=01 attr=0050 w=640 h=480
01:48:03 C38 load 4: valid 0/5 (menu before: core=MENU type=01 fmt=01 attr=0050 w=529 h=240) last: markers left 0/6  hdr type=00 fmt=00 attr=0000 w=0 h=0
01:48:53 C38 load 5: valid 0/5 (menu before: core=MENU type=01 fmt=01 attr=0030 w=529 h=240) last: markers left 0/6  hdr type=00 fmt=00 attr=0000 w=0 h=0
01:49:42 C38 load 6: valid 5/5 (menu before: core=MENU type=01 fmt=01 attr=0050 w=529 h=240) last: markers left 0/6  hdr type=01 fmt=01 attr=0090 w=640 h=480
01:50:32 C38 load 7: valid 5/5 (menu before: core=MENU type=01 fmt=01 attr=0070 w=529 h=240) last: markers left 0/6  hdr type=01 fmt=01 attr=0050 w=640 h=480
01:51:22 C38 load 8: valid 5/5 (menu before: core=MENU type=01 fmt=01 attr=00f0 w=529 h=240) last: markers left 0/6  hdr type=01 fmt=01 attr=00f0 w=640 h=480
01:52:13 C38 load 9: valid 5/5 (menu before: core=MENU type=01 fmt=01 attr=0070 w=529 h=240) last: markers left 0/6  hdr type=01 fmt=01 attr=00f0 w=640 h=480
01:53:03 C38 load 10: valid 5/5 (menu before: core=MENU type=01 fmt=01 attr=0010 w=529 h=240) last: markers left 0/6  hdr type=01 fmt=01 attr=00d0 w=640 h=480
01:53:53 C38 load 11: valid 5/5 (menu before: core=MENU type=01 fmt=01 attr=0070 w=529 h=240) last: markers left 0/6  hdr type=01 fmt=01 attr=00f0 w=640 h=480
01:54:43 C38 load 12: valid 5/5 (menu before: core=MENU type=01 fmt=01 attr=0010 w=529 h=240) last: markers left 0/6  hdr type=01 fmt=01 attr=00f0 w=640 h=480
01:55:36 C38 load 13: valid 5/5 (menu before: core=MENU type=01 fmt=01 attr=0090 w=529 h=240) last: markers left 0/6  hdr type=01 fmt=01 attr=0050 w=640 h=480
01:56:26 C38 load 14: valid 5/5 (menu before: core=MENU type=01 fmt=01 attr=0010 w=529 h=240) last: markers left 0/6  hdr type=01 fmt=01 attr=0050 w=640 h=480
01:57:16 C38 load 15: valid 5/5 (menu before: core=MENU type=01 fmt=01 attr=00b0 w=529 h=240) last: markers left 0/6  hdr type=01 fmt=01 attr=00f0 w=640 h=480
01:58:06 C38 load 16: valid 5/5 (menu before: core=MENU type=01 fmt=01 attr=0010 w=529 h=240) last: markers left 0/6  hdr type=01 fmt=01 attr=0050 w=640 h=480
01:58:56 C38 load 17: valid 5/5 (menu before: core=MENU type=01 fmt=01 attr=00d0 w=529 h=240) last: markers left 0/6  hdr type=01 fmt=01 attr=00f0 w=640 h=480
01:59:46 C38 load 18: valid 5/5 (menu before: core=MENU type=01 fmt=01 attr=0010 w=529 h=240) last: markers left 0/6  hdr type=01 fmt=01 attr=00f0 w=640 h=480
02:00:36 C38 load 19: valid 5/5 (menu before: core=MENU type=01 fmt=01 attr=0050 w=529 h=240) last: markers left 0/6  hdr type=01 fmt=01 attr=0050 w=640 h=480
02:01:26 C38 load 20: valid 5/5 (menu before: core=MENU type=01 fmt=01 attr=00f0 w=529 h=240) last: markers left 0/6  hdr type=01 fmt=01 attr=00f0 w=640 h=480
02:02:02 C38 1928f231: 17/20 loads with video; box back at MENU
02:26:13 REL load 1: valid 5/5 (menu before: core=MENU type=01 fmt=01 attr=0090 w=529 h=240) last: markers left 0/6  hdr type=01 fmt=01 attr=00f0 w=640 h=480
02:27:04 REL load 2: valid 5/5 (menu before: core=MENU type=01 fmt=01 attr=0050 w=529 h=240) last: markers left 0/6  hdr type=01 fmt=01 attr=0050 w=640 h=480
02:27:54 REL load 3: valid 5/5 (menu before: core=MENU type=01 fmt=01 attr=00b0 w=529 h=240) last: markers left 0/6  hdr type=01 fmt=01 attr=0090 w=640 h=480
02:28:44 REL load 4: valid 5/5 (menu before: core=MENU type=01 fmt=01 attr=00b0 w=529 h=240) last: markers left 0/6  hdr type=01 fmt=01 attr=0050 w=640 h=480
02:29:33 REL load 5: valid 5/5 (menu before: core=MENU type=01 fmt=01 attr=00f0 w=529 h=240) last: markers left 0/6  hdr type=01 fmt=01 attr=0050 w=640 h=480
02:30:23 REL load 6: valid 5/5 (menu before: core=MENU type=01 fmt=01 attr=0090 w=529 h=240) last: markers left 0/6  hdr type=01 fmt=01 attr=0050 w=640 h=480
02:31:13 REL load 7: valid 5/5 (menu before: core=MENU type=01 fmt=01 attr=00f0 w=529 h=240) last: markers left 0/6  hdr type=01 fmt=01 attr=00f0 w=640 h=480
02:32:03 REL load 8: valid 5/5 (menu before: core=MENU type=01 fmt=01 attr=0030 w=529 h=240) last: markers left 0/6  hdr type=01 fmt=01 attr=00f0 w=640 h=480
02:32:53 REL load 9: valid 5/5 (menu before: core=MENU type=01 fmt=01 attr=0070 w=529 h=240) last: markers left 0/6  hdr type=01 fmt=01 attr=00f0 w=640 h=480
02:33:43 REL load 10: valid 5/5 (menu before: core=MENU type=01 fmt=01 attr=0010 w=529 h=240) last: markers left 0/6  hdr type=01 fmt=01 attr=00f0 w=640 h=480
02:34:33 REL load 11: valid 5/5 (menu before: core=MENU type=01 fmt=01 attr=00b0 w=529 h=240) last: markers left 0/6  hdr type=01 fmt=01 attr=0050 w=640 h=480
02:35:23 REL load 12: valid 5/5 (menu before: core=MENU type=01 fmt=01 attr=0090 w=529 h=240) last: markers left 0/6  hdr type=01 fmt=01 attr=00f0 w=640 h=480
02:36:20 REL load 13: valid 0/5 (menu before: core=MENU type=10 fmt=94 attr=9494 w=38036 h=38036) last: markers left 6/6  hdr type=00 fmt=00 attr=0000 w=0 h=0
02:37:13 REL load 14: valid 5/5 (menu before: core=MENU type=01 fmt=01 attr=0070 w=529 h=240) last: markers left 0/6  hdr type=01 fmt=01 attr=00f0 w=640 h=480
02:38:03 REL load 15: valid 5/5 (menu before: core=MENU type=01 fmt=01 attr=0010 w=529 h=240) last: markers left 0/6  hdr type=01 fmt=01 attr=0050 w=640 h=480
02:38:53 REL load 16: valid 5/5 (menu before: core=MENU type=01 fmt=01 attr=00b0 w=529 h=240) last: markers left 0/6  hdr type=01 fmt=01 attr=00f0 w=640 h=480
02:39:30 REL a4d4d008: 15/16 loads with video; box back at MENU
02:40:30 F33 load 1: valid 5/5 (menu before: core=MENU type=01 fmt=01 attr=0070 w=529 h=240) last: markers left 0/6  hdr type=01 fmt=01 attr=00f0 w=640 h=480
02:41:20 F33 load 2: valid 5/5 (menu before: core=MENU type=01 fmt=01 attr=0030 w=529 h=240) last: markers left 0/6  hdr type=01 fmt=01 attr=00f0 w=640 h=480
02:42:10 F33 load 3: valid 0/5 (menu before: core=MENU type=b0 fmt=b0 attr=0074 w=29812 h=0) last: markers left 6/6  hdr type=2c fmt=2c attr=ec00 w=0 h=60652
02:43:00 F33 load 4: valid 5/5 (menu before: core=MENU type=01 fmt=01 attr=00b0 w=529 h=240) last: markers left 0/6  hdr type=01 fmt=01 attr=00f0 w=640 h=480
02:43:50 F33 load 5: valid 5/5 (menu before: core=MENU type=01 fmt=01 attr=0090 w=529 h=240) last: markers left 0/6  hdr type=01 fmt=01 attr=00f0 w=640 h=480
02:44:40 F33 load 6: valid 5/5 (menu before: core=MENU type=01 fmt=01 attr=0070 w=529 h=240) last: markers left 0/6  hdr type=01 fmt=01 attr=00f0 w=640 h=480
02:45:30 F33 load 7: valid 5/5 (menu before: core=MENU type=01 fmt=01 attr=00d0 w=529 h=240) last: markers left 0/6  hdr type=01 fmt=01 attr=00f0 w=640 h=480
02:46:21 F33 load 8: valid 5/5 (menu before: core=MENU type=01 fmt=01 attr=0050 w=529 h=240) last: markers left 0/6  hdr type=01 fmt=01 attr=00f0 w=640 h=480
02:47:11 F33 load 9: valid 5/5 (menu before: core=MENU type=01 fmt=01 attr=00b0 w=529 h=240) last: markers left 0/6  hdr type=01 fmt=01 attr=00f0 w=640 h=480
02:48:01 F33 load 10: valid 5/5 (menu before: core=MENU type=01 fmt=01 attr=00b0 w=529 h=240) last: markers left 0/6  hdr type=01 fmt=01 attr=0090 w=640 h=480
02:48:37 F33 faf2eacd: 9/10 loads with video; box back at MENU
04:54:00 W21 load 1: valid 5/5 (menu before: core=MENU type=01 fmt=01 attr=0010 w=529 h=240) last: markers left 0/6  hdr type=01 fmt=01 attr=00f0 w=640 h=480
04:54:50 W21 load 2: valid 5/5 (menu before: core=MENU type=01 fmt=01 attr=00b0 w=529 h=240) last: markers left 0/6  hdr type=01 fmt=01 attr=00f0 w=640 h=480
04:55:40 W21 load 3: valid 5/5 (menu before: core=MENU type=01 fmt=01 attr=0010 w=529 h=240) last: markers left 0/6  hdr type=01 fmt=01 attr=0050 w=640 h=480
04:56:30 W21 load 4: valid 5/5 (menu before: core=MENU type=01 fmt=01 attr=0010 w=529 h=240) last: markers left 0/6  hdr type=01 fmt=01 attr=0050 w=640 h=480
04:57:20 W21 load 5: valid 5/5 (menu before: core=MENU type=01 fmt=01 attr=0010 w=529 h=240) last: markers left 0/6  hdr type=01 fmt=01 attr=00f0 w=640 h=480
04:58:10 W21 load 6: valid 5/5 (menu before: core=MENU type=01 fmt=01 attr=0030 w=529 h=240) last: markers left 0/6  hdr type=01 fmt=01 attr=0050 w=640 h=480
04:59:00 W21 load 7: valid 5/5 (menu before: core=MENU type=01 fmt=01 attr=00b0 w=529 h=240) last: markers left 0/6  hdr type=01 fmt=01 attr=00f0 w=640 h=480
04:59:50 W21 load 8: valid 5/5 (menu before: core=MENU type=01 fmt=01 attr=0070 w=529 h=240) last: markers left 0/6  hdr type=01 fmt=01 attr=00f0 w=640 h=480
05:00:40 W21 load 9: valid 5/5 (menu before: core=MENU type=01 fmt=01 attr=0070 w=529 h=240) last: markers left 0/6  hdr type=01 fmt=01 attr=00f0 w=640 h=480
05:01:30 W21 load 10: valid 5/5 (menu before: core=MENU type=01 fmt=01 attr=0070 w=529 h=240) last: markers left 0/6  hdr type=01 fmt=01 attr=00f0 w=640 h=480
05:02:20 W21 load 11: valid 5/5 (menu before: core=MENU type=01 fmt=01 attr=0010 w=529 h=240) last: markers left 0/6  hdr type=01 fmt=01 attr=0050 w=640 h=480
05:03:11 W21 load 12: valid 5/5 (menu before: core=MENU type=01 fmt=01 attr=0030 w=529 h=240) last: markers left 0/6  hdr type=01 fmt=01 attr=0050 w=640 h=480
05:04:01 W21 load 13: valid 5/5 (menu before: core=MENU type=01 fmt=01 attr=00f0 w=529 h=240) last: markers left 0/6  hdr type=01 fmt=01 attr=0050 w=640 h=480
05:04:51 W21 load 14: valid 5/5 (menu before: core=MENU type=01 fmt=01 attr=0090 w=529 h=240) last: markers left 0/6  hdr type=01 fmt=01 attr=00f0 w=640 h=480
05:05:41 W21 load 15: valid 5/5 (menu before: core=MENU type=01 fmt=01 attr=0030 w=529 h=240) last: markers left 0/6  hdr type=01 fmt=01 attr=0050 w=640 h=480
05:06:31 W21 load 16: valid 5/5 (menu before: core=MENU type=01 fmt=01 attr=0030 w=529 h=240) last: markers left 0/6  hdr type=01 fmt=01 attr=0050 w=640 h=480
05:07:21 W21 load 17: valid 0/5 (menu before: core=MENU type=70 fmt=00 attr=7070 w=28672 h=0) last: markers left 6/6  hdr type=00 fmt=00 attr=0000 w=0 h=0
05:08:11 W21 load 18: valid 5/5 (menu before: core=MENU type=01 fmt=01 attr=00b0 w=529 h=240) last: markers left 0/6  hdr type=01 fmt=01 attr=00f0 w=640 h=480
